........................................................................ [  2%]
........................................................................ [  5%]
........................................................................ [  7%]
........................................................................ [ 10%]
........................................................................ [ 13%]
........................................................................ [ 15%]
........................................................................ [ 18%]
........................................................................ [ 20%]
........................................................................ [ 23%]
........................................................................ [ 26%]
........................................................................ [ 28%]
........................................................................ [ 31%]
........................................................................ [ 34%]
........................................................................ [ 36%]
........................................................................ [ 39%]
........................................................................ [ 41%]
........................................................................ [ 44%]
........................................................................ [ 47%]
........................................................................ [ 49%]
....................................ss.................................. [ 52%]
.s...................................................................... [ 55%]
.................................................................sssssss [ 57%]
ss..s..............................................sss.................. [ 60%]
.......................ss.s............................................. [ 62%]
........................................................................ [ 65%]
........................................................................ [ 68%]
..................................s..................................... [ 70%]
..sss................................................................... [ 73%]
........................................................................ [ 76%]
.......................................................s................ [ 78%]
........................................................................ [ 81%]
........................................................................ [ 83%]
........................................................................ [ 86%]
........................................................................ [ 89%]
........................................................................ [ 91%]
........................................................................ [ 94%]
......ssssss.......ssss...sss..ss....................................... [ 97%]
........................................................................ [ 99%]
.......                                                                  [100%]
Time difference = 0[ms]
Time difference = 0[ms]
Time difference = 0[ms]
Time difference = 0[ms]
Time difference = 0[ms]
Time difference = 0[ms]
Time difference = 0[ms]
Time difference = 0[ms]
Time difference = 0[ms]
Time difference = 0[ms]
Time difference = 0[ms]
Time difference = 0[ms]
Time difference = 0[ms]
Time difference = 0[ms]
Time difference = 0[ms]
Time difference = 0[ms]
Time difference = 0[ms]
Time difference = 0[ms]
Time difference = 0[ms]
Time difference = 0[ms]
Time difference = 0[ms]
Time difference = 0[ms]
Time difference = 0[ms]
Time difference = 0[ms]
Time difference = 0[ms]
Time difference = 0[ms]
Time difference = 0[ms]
Time difference = 0[ms]
Time difference = 0[ms]
Time difference = 0[ms]
Time difference = 0[ms]
Time difference = 0[ms]
Time difference = 0[ms]
Time difference = 0[ms]
Time difference = 0[ms]
Time difference = 0[ms]
Time difference = 0[ms]
Time difference = 0[ms]
Time difference = 0[ms]
Time difference = 0[ms]
Time difference = 0[ms]
Time difference = 0[ms]
Time difference = 0[ms]
Time difference = 0[ms]
