........................................................................ [  2%]
........................................................................ [  5%]
........................................................................ [  8%]
........................................................................ [ 10%]
........................................................................ [ 13%]
........................................................................ [ 16%]
........................................................................ [ 18%]
........................................................................ [ 21%]
........................................................................ [ 24%]
........................................................................ [ 26%]
........................................................................ [ 29%]
........................................................................ [ 32%]
........................................................................ [ 34%]
........................................................................ [ 37%]
........................................................................ [ 40%]
........................................................................ [ 43%]
........................................................................ [ 45%]
........................................................................ [ 48%]
........................................................................ [ 51%]
..ss...................................s................................ [ 53%]
........................................................................ [ 56%]
...............................sssssssss..s............................. [ 59%]
.................sss.........................................ss.s....... [ 61%]
........................................................................ [ 64%]
........................................................................ [ 67%]
........................................................................ [ 69%]
s.......................................sss............................. [ 72%]
........................................................................ [ 75%]
........................................................................ [ 77%]
........................F............................................... [ 80%]
........................................................................ [ 83%]
........................................................................ [ 86%]
........................................................................ [ 88%]
........................................................................ [ 91%]
........................................................................ [ 94%]
..............ssssss.......ssss...sss..ss............................... [ 96%]
........................................................................ [ 99%]
...............                                                          [100%]
=================================== FAILURES ===================================
__ test_new_lineage_requires_revision_two_attempt_two_and_runtime_predecessor __
tests/test_qualification_dispatch_repair.py:241: in test_new_lineage_requires_revision_two_attempt_two_and_runtime_predecessor
    value = capture_lineage(directory, REVISION, directory.with_name(ATTEMPT_DIRECTORY))
            ^^^^^^^^^^^^^^^^^^^^^^^^^^^^^^^^^^^^^^^^^^^^^^^^^^^^^^^^^^^^^^^^^^^^^^^^^^^^
app/simulation/openttd/proof/qualification_lineage.py:254: in capture_lineage
    validate_lineage(directory, value, revision, destination)
app/simulation/openttd/proof/qualification_lineage.py:287: in validate_lineage
    raise ValueError("Post-launch failure requires exact new attempt destination")
E   ValueError: Post-launch failure requires exact new attempt destination
=========================== short test summary info ============================
FAILED tests/test_qualification_dispatch_repair.py::test_new_lineage_requires_revision_two_attempt_two_and_runtime_predecessor
1 failed, 2640 passed, 38 skipped in 241.95s (0:04:01)
Time difference = 0[ms]
Time difference = 0[ms]
Time difference = 0[ms]
Time difference = 0[ms]
Time difference = 0[ms]
Time difference = 0[ms]
Time difference = 0[ms]
Time difference = 0[ms]
Time difference = 0[ms]
Time difference = 0[ms]
Time difference = 0[ms]
Time difference = 0[ms]
Time difference = 0[ms]
Time difference = 0[ms]
Time difference = 0[ms]
Time difference = 0[ms]
Time difference = 0[ms]
Time difference = 0[ms]
Time difference = 0[ms]
Time difference = 0[ms]
Time difference = 0[ms]
Time difference = 0[ms]
Time difference = 0[ms]
Time difference = 0[ms]
Time difference = 0[ms]
Time difference = 0[ms]
Time difference = 0[ms]
Time difference = 0[ms]
Time difference = 0[ms]
Time difference = 0[ms]
Time difference = 0[ms]
Time difference = 0[ms]
Time difference = 0[ms]
Time difference = 0[ms]
Time difference = 0[ms]
Time difference = 0[ms]
Time difference = 0[ms]
Time difference = 0[ms]
Time difference = 0[ms]
Time difference = 0[ms]
Time difference = 0[ms]
Time difference = 0[ms]
Time difference = 0[ms]
Time difference = 0[ms]
