[2026-10-08 08:24:43] dbg: [net:3] Starting dedicated server, version 15.3
[2026-10-08 08:24:43] dbg: [grf:1] Adding OpenGFX ([9499]) as base graphics set
[2026-10-08 08:24:43] dbg: [grf:1] Adding original_dos_de ([0]) as base graphics set
[2026-10-08 08:24:43] dbg: [grf:1] Adding original_windows ([0]) as base graphics set
[2026-10-08 08:24:43] dbg: [net:3] Starting network
[2026-10-08 08:24:43] dbg: [net:3] Initializing UDP listeners
[2026-10-08 08:24:43] dbg: [net:3] Network online, multiplayer available
[2026-10-08 08:24:43] dbg: [net:3] Detected broadcast addresses:
[2026-10-08 08:24:43] dbg: [net:3]   0) 10.150.5.255
[2026-10-08 08:24:43] dbg: [net:3]   1) 172.16.7.255
[2026-10-08 08:24:43] dbg: [net:3]   2) 172.18.255.255
[2026-10-08 08:24:43] dbg: [net:3]   3) 172.17.255.255
[2026-10-08 08:24:43] dbg: [net:3] Using certificate file: /etc/ssl/certs/ca-certificates.crt
[2026-10-08 08:24:43] dbg: [net:3] Using certificate path: none
[2026-10-08 08:24:43] dbg: [grf:1] Adding original_windows ([0]) as base sounds set
[2026-10-08 08:24:43] dbg: [grf:1] Adding NoSound ([2]) as base sounds set
[2026-10-08 08:24:43] dbg: [grf:1] Using the OpenGFX base graphics set
[2026-10-08 08:24:43] dbg: [grf:1] Adding original_tto ([1]) as base music set
[2026-10-08 08:24:43] dbg: [grf:1] Adding original_dos ([1]) as base music set
[2026-10-08 08:24:43] dbg: [grf:1] Adding original_windows ([1]) as base music set
[2026-10-08 08:24:43] dbg: [grf:1] Adding NoMusic ([0]) as base music set
[2026-10-08 08:24:43] dbg: [grf:1] Using the OpenGFX base graphics set
[2026-10-08 08:24:43] dbg: [grf:1] GRFInfo: Loaded GRFv8 set FFFFFFFE - OpenTTD's default and fallback extra graphics (palette: DOS, version: 0)
[2026-10-08 08:24:43] dbg: [grf:1] GRFInfo: Loaded GRFv8 set FF4F5401 - OpenGFX 8.0 (palette: DOS, version: 9499)
[2026-10-08 08:24:43] dbg: [grf:1] GRFInfo: Loaded GRFv8 set FFFFFFFE - OpenTTD's default and fallback extra graphics (palette: DOS, version: 0)
[2026-10-08 08:24:43] dbg: [grf:1] GRFInfo: Loaded GRFv8 set FF4F5401 - OpenGFX 8.0 (palette: DOS, version: 9499)
[2026-10-08 08:24:43] dbg: [grf:1] GRFInfo: Loaded GRFv8 set FFFFFFFE - OpenTTD's default and fallback extra graphics (palette: DOS, version: 0)
[2026-10-08 08:24:43] dbg: [grf:1] GRFInfo: Loaded GRFv8 set FF4F5401 - OpenGFX 8.0 (palette: DOS, version: 9499)
[2026-10-08 08:24:43] dbg: [grf:1] GRFInfo: Loaded GRFv8 set FFFFFFFE - OpenTTD's default and fallback extra graphics (palette: DOS, version: 0)
[2026-10-08 08:24:43] dbg: [grf:1] GRFInfo: Loaded GRFv8 set FF4F5401 - OpenGFX 8.0 (palette: DOS, version: 9499)
[2026-10-08 08:24:43] dbg: [grf:1] GRFInfo: Loaded GRFv8 set FFFFFFFE - OpenTTD's default and fallback extra graphics (palette: DOS, version: 0)
[2026-10-08 08:24:43] dbg: [grf:1] GRFInfo: Loaded GRFv8 set FF4F5401 - OpenGFX 8.0 (palette: DOS, version: 9499)
[2026-10-08 08:24:43] dbg: [grf:1] GRFInfo: Loaded GRFv8 set FFFFFFFE - OpenTTD's default and fallback extra graphics (palette: DOS, version: 0)
[2026-10-08 08:24:43] dbg: [grf:1] GRFInfo: Loaded GRFv8 set FF4F5401 - OpenGFX 8.0 (palette: DOS, version: 9499)
[2026-10-08 08:24:44] dbg: [grf:1] Scanning for NewGRFs
[2026-10-08 08:24:44] dbg: [grf:1] Scan complete, found 0 files
[2026-10-08 08:24:44] dbg: [net:1] No "client_name" has been set, using "Unnamed Client" instead. Please set this now using the "name <new name>" command
[2026-10-08 08:24:44] dbg: [net:1] No "server_name" has been set, using "Unnamed Server" instead. Please set this now using the "server_name <new name>" command
[2026-10-08 08:24:44] dbg: [net:3] Initializing UDP listeners
[2026-10-08 08:24:44] dbg: [net:3] Initializing UDP listeners
[2026-10-08 08:24:44] dbg: [net:3] Listening on 127.0.0.1:58177 (IPv4)
[2026-10-08 08:24:44] dbg: [net:3] Listening on 127.0.0.1:58243 (IPv4)
[2026-10-08 08:24:44] dbg: [net:3] Listening on 127.0.0.1:58177 (IPv4)
[2026-10-08 08:24:44] dbg: [net:3] Network revision name: 15.3
[2026-10-08 08:24:44] dbg: [net:3] [crypto] Creating a new random key
[2026-10-08 08:24:44] dbg: [grf:1] GRFInfo: Loaded GRFv8 set FFFFFFFE - OpenTTD's default and fallback extra graphics (palette: DOS, version: 0)
[2026-10-08 08:24:44] dbg: [grf:1] GRFInfo: Loaded GRFv8 set FF4F5401 - OpenGFX 8.0 (palette: DOS, version: 9499)
[2026-10-08 08:24:44] dbg: [grf:1] GRFInfo: Loaded GRFv8 set FFFFFFFE - OpenTTD's default and fallback extra graphics (palette: DOS, version: 0)
[2026-10-08 08:24:44] dbg: [grf:1] GRFInfo: Loaded GRFv8 set FF4F5401 - OpenGFX 8.0 (palette: DOS, version: 9499)
[2026-10-08 08:24:44] dbg: [grf:1] GRFInfo: Loaded GRFv8 set FFFFFFFE - OpenTTD's default and fallback extra graphics (palette: DOS, version: 0)
[2026-10-08 08:24:44] dbg: [grf:1] GRFInfo: Loaded GRFv8 set FF4F5401 - OpenGFX 8.0 (palette: DOS, version: 9499)
[2026-10-08 08:24:44] dbg: [net:3] Generating map, please wait...
[2026-10-08 08:24:44] dbg: [net:3] Map generation percentage complete: 5
[2026-10-08 08:24:44] dbg: [net:3] Map generation percentage complete: 11
[2026-10-08 08:24:44] dbg: [net:3] Map generation percentage complete: 15
[2026-10-08 08:24:44] dbg: [net:3] Map generation percentage complete: 20
[2026-10-08 08:24:44] dbg: [net:3] Map generation percentage complete: 30
[2026-10-08 08:24:44] dbg: [net:3] Map generation percentage complete: 40
[2026-10-08 08:24:44] dbg: [net:3] Map generation percentage complete: 46
[2026-10-08 08:24:44] dbg: [net:3] Map generation percentage complete: 50
[2026-10-08 08:24:44] dbg: [net:3] Map generation percentage complete: 60
[2026-10-08 08:24:44] dbg: [net:3] Map generation percentage complete: 65
[2026-10-08 08:24:44] dbg: [net:3] Map generation percentage complete: 70
[2026-10-08 08:24:44] dbg: [net:3] Map generation percentage complete: 75
[2026-10-08 08:24:44] dbg: [net:3] Map generation percentage complete: 80
[2026-10-08 08:24:44] dbg: [net:3] Map generation percentage complete: 85
[2026-10-08 08:24:44] dbg: [net:3] Map generation percentage complete: 90
[2026-10-08 08:24:44] dbg: [net:3] Map generation percentage complete: 95
[2026-10-08 08:24:44] dbg: [script:4] [18] [I] BRIDGE_STARTED protocol=1 api=15
[2026-10-08 08:24:44] dbg: [net:3] Map generated, starting game
[2026-10-08 08:24:44] dbg: [net:3] [admin] Client connected from 127.0.0.1 on frame 0
[2026-10-08 08:24:44] dbg: [net:3] [admin] 'ACK-proof' (1) has connected
[2026-10-08 08:24:44] dbg: [net:3] [admin] 'ACK-proof' (1) authenticated
[2026-10-08 08:24:44] dbg: [script:4] [18] [I] BRIDGE_REQUEST_RECEIVED request_id=openttd15-qualification-001-clock-1 type=economy_clock protocol=1
[2026-10-08 08:24:44] dbg: [script:4] [18] [I] ECONOMY_CLOCK_READ request_id=openttd15-qualification-001-clock-1 economy_date=712223 economy_year=1950 economy_month=1 economy_day=1 month_start=712223 month_end=712254
[2026-10-08 08:24:44] dbg: [script:4] [18] [I] BRIDGE_RESPONSE_SENT request_id=openttd15-qualification-001-clock-1 type=economy_clock_result status=ok protocol=1
[2026-10-08 08:24:44] dbg: [script:4] [18] [I] BRIDGE_POST_RESPONSE_ALIVE request_id=openttd15-qualification-001-clock-1
[2026-10-08 08:24:45] dbg: [script:4] [18] [I] BRIDGE_REQUEST_RECEIVED request_id=openttd15-qualification-001-clock-2 type=economy_clock protocol=1
[2026-10-08 08:24:45] dbg: [script:4] [18] [I] ECONOMY_CLOCK_READ request_id=openttd15-qualification-001-clock-2 economy_date=712223 economy_year=1950 economy_month=1 economy_day=1 month_start=712223 month_end=712254
[2026-10-08 08:24:45] dbg: [script:4] [18] [I] BRIDGE_RESPONSE_SENT request_id=openttd15-qualification-001-clock-2 type=economy_clock_result status=ok protocol=1
[2026-10-08 08:24:45] dbg: [script:4] [18] [I] BRIDGE_POST_RESPONSE_ALIVE request_id=openttd15-qualification-001-clock-2
[2026-10-08 08:24:46] dbg: [script:4] [18] [I] BRIDGE_REQUEST_RECEIVED request_id=openttd15-qualification-001-clock-3 type=economy_clock protocol=1
[2026-10-08 08:24:46] dbg: [script:4] [18] [I] ECONOMY_CLOCK_READ request_id=openttd15-qualification-001-clock-3 economy_date=712224 economy_year=1950 economy_month=1 economy_day=2 month_start=712223 month_end=712254
[2026-10-08 08:24:46] dbg: [script:4] [18] [I] BRIDGE_RESPONSE_SENT request_id=openttd15-qualification-001-clock-3 type=economy_clock_result status=ok protocol=1
[2026-10-08 08:24:46] dbg: [script:4] [18] [I] BRIDGE_POST_RESPONSE_ALIVE request_id=openttd15-qualification-001-clock-3
[2026-10-08 08:24:47] dbg: [script:4] [18] [I] BRIDGE_REQUEST_RECEIVED request_id=openttd15-qualification-001-clock-4 type=economy_clock protocol=1
[2026-10-08 08:24:47] dbg: [script:4] [18] [I] ECONOMY_CLOCK_READ request_id=openttd15-qualification-001-clock-4 economy_date=712224 economy_year=1950 economy_month=1 economy_day=2 month_start=712223 month_end=712254
[2026-10-08 08:24:47] dbg: [script:4] [18] [I] BRIDGE_RESPONSE_SENT request_id=openttd15-qualification-001-clock-4 type=economy_clock_result status=ok protocol=1
[2026-10-08 08:24:47] dbg: [script:4] [18] [I] BRIDGE_POST_RESPONSE_ALIVE request_id=openttd15-qualification-001-clock-4
[2026-10-08 08:24:48] dbg: [script:4] [18] [I] BRIDGE_REQUEST_RECEIVED request_id=openttd15-qualification-001-clock-5 type=economy_clock protocol=1
[2026-10-08 08:24:48] dbg: [script:4] [18] [I] ECONOMY_CLOCK_READ request_id=openttd15-qualification-001-clock-5 economy_date=712225 economy_year=1950 economy_month=1 economy_day=3 month_start=712223 month_end=712254
[2026-10-08 08:24:48] dbg: [script:4] [18] [I] BRIDGE_RESPONSE_SENT request_id=openttd15-qualification-001-clock-5 type=economy_clock_result status=ok protocol=1
[2026-10-08 08:24:48] dbg: [script:4] [18] [I] BRIDGE_POST_RESPONSE_ALIVE request_id=openttd15-qualification-001-clock-5
[2026-10-08 08:24:49] dbg: [script:4] [18] [I] BRIDGE_REQUEST_RECEIVED request_id=openttd15-qualification-001-clock-6 type=economy_clock protocol=1
[2026-10-08 08:24:49] dbg: [script:4] [18] [I] ECONOMY_CLOCK_READ request_id=openttd15-qualification-001-clock-6 economy_date=712225 economy_year=1950 economy_month=1 economy_day=3 month_start=712223 month_end=712254
[2026-10-08 08:24:49] dbg: [script:4] [18] [I] BRIDGE_RESPONSE_SENT request_id=openttd15-qualification-001-clock-6 type=economy_clock_result status=ok protocol=1
[2026-10-08 08:24:49] dbg: [script:4] [18] [I] BRIDGE_POST_RESPONSE_ALIVE request_id=openttd15-qualification-001-clock-6
[2026-10-08 08:24:50] dbg: [script:4] [18] [I] BRIDGE_REQUEST_RECEIVED request_id=openttd15-qualification-001-clock-7 type=economy_clock protocol=1
[2026-10-08 08:24:50] dbg: [script:4] [18] [I] ECONOMY_CLOCK_READ request_id=openttd15-qualification-001-clock-7 economy_date=712226 economy_year=1950 economy_month=1 economy_day=4 month_start=712223 month_end=712254
[2026-10-08 08:24:50] dbg: [script:4] [18] [I] BRIDGE_RESPONSE_SENT request_id=openttd15-qualification-001-clock-7 type=economy_clock_result status=ok protocol=1
[2026-10-08 08:24:50] dbg: [script:4] [18] [I] BRIDGE_POST_RESPONSE_ALIVE request_id=openttd15-qualification-001-clock-7
[2026-10-08 08:24:51] dbg: [script:4] [18] [I] BRIDGE_REQUEST_RECEIVED request_id=openttd15-qualification-001-clock-8 type=economy_clock protocol=1
[2026-10-08 08:24:51] dbg: [script:4] [18] [I] ECONOMY_CLOCK_READ request_id=openttd15-qualification-001-clock-8 economy_date=712226 economy_year=1950 economy_month=1 economy_day=4 month_start=712223 month_end=712254
[2026-10-08 08:24:51] dbg: [script:4] [18] [I] BRIDGE_RESPONSE_SENT request_id=openttd15-qualification-001-clock-8 type=economy_clock_result status=ok protocol=1
[2026-10-08 08:24:51] dbg: [script:4] [18] [I] BRIDGE_POST_RESPONSE_ALIVE request_id=openttd15-qualification-001-clock-8
[2026-10-08 08:24:52] dbg: [script:4] [18] [I] BRIDGE_REQUEST_RECEIVED request_id=openttd15-qualification-001-clock-9 type=economy_clock protocol=1
[2026-10-08 08:24:52] dbg: [script:4] [18] [I] ECONOMY_CLOCK_READ request_id=openttd15-qualification-001-clock-9 economy_date=712227 economy_year=1950 economy_month=1 economy_day=5 month_start=712223 month_end=712254
[2026-10-08 08:24:52] dbg: [script:4] [18] [I] BRIDGE_RESPONSE_SENT request_id=openttd15-qualification-001-clock-9 type=economy_clock_result status=ok protocol=1
[2026-10-08 08:24:52] dbg: [script:4] [18] [I] BRIDGE_POST_RESPONSE_ALIVE request_id=openttd15-qualification-001-clock-9
[2026-10-08 08:24:53] dbg: [script:4] [18] [I] BRIDGE_REQUEST_RECEIVED request_id=openttd15-qualification-001-clock-10 type=economy_clock protocol=1
[2026-10-08 08:24:53] dbg: [script:4] [18] [I] ECONOMY_CLOCK_READ request_id=openttd15-qualification-001-clock-10 economy_date=712227 economy_year=1950 economy_month=1 economy_day=5 month_start=712223 month_end=712254
[2026-10-08 08:24:53] dbg: [script:4] [18] [I] BRIDGE_RESPONSE_SENT request_id=openttd15-qualification-001-clock-10 type=economy_clock_result status=ok protocol=1
[2026-10-08 08:24:53] dbg: [script:4] [18] [I] BRIDGE_POST_RESPONSE_ALIVE request_id=openttd15-qualification-001-clock-10
[2026-10-08 08:24:54] dbg: [script:4] [18] [I] BRIDGE_REQUEST_RECEIVED request_id=openttd15-qualification-001-clock-11 type=economy_clock protocol=1
[2026-10-08 08:24:54] dbg: [script:4] [18] [I] ECONOMY_CLOCK_READ request_id=openttd15-qualification-001-clock-11 economy_date=712228 economy_year=1950 economy_month=1 economy_day=6 month_start=712223 month_end=712254
[2026-10-08 08:24:54] dbg: [script:4] [18] [I] BRIDGE_RESPONSE_SENT request_id=openttd15-qualification-001-clock-11 type=economy_clock_result status=ok protocol=1
[2026-10-08 08:24:54] dbg: [script:4] [18] [I] BRIDGE_POST_RESPONSE_ALIVE request_id=openttd15-qualification-001-clock-11
[2026-10-08 08:24:55] dbg: [script:4] [18] [I] BRIDGE_REQUEST_RECEIVED request_id=openttd15-qualification-001-clock-12 type=economy_clock protocol=1
[2026-10-08 08:24:55] dbg: [script:4] [18] [I] ECONOMY_CLOCK_READ request_id=openttd15-qualification-001-clock-12 economy_date=712228 economy_year=1950 economy_month=1 economy_day=6 month_start=712223 month_end=712254
[2026-10-08 08:24:55] dbg: [script:4] [18] [I] BRIDGE_RESPONSE_SENT request_id=openttd15-qualification-001-clock-12 type=economy_clock_result status=ok protocol=1
[2026-10-08 08:24:55] dbg: [script:4] [18] [I] BRIDGE_POST_RESPONSE_ALIVE request_id=openttd15-qualification-001-clock-12
[2026-10-08 08:24:56] dbg: [script:4] [18] [I] BRIDGE_REQUEST_RECEIVED request_id=openttd15-qualification-001-clock-13 type=economy_clock protocol=1
[2026-10-08 08:24:56] dbg: [script:4] [18] [I] ECONOMY_CLOCK_READ request_id=openttd15-qualification-001-clock-13 economy_date=712229 economy_year=1950 economy_month=1 economy_day=7 month_start=712223 month_end=712254
[2026-10-08 08:24:56] dbg: [script:4] [18] [I] BRIDGE_RESPONSE_SENT request_id=openttd15-qualification-001-clock-13 type=economy_clock_result status=ok protocol=1
[2026-10-08 08:24:56] dbg: [script:4] [18] [I] BRIDGE_POST_RESPONSE_ALIVE request_id=openttd15-qualification-001-clock-13
[2026-10-08 08:24:57] dbg: [script:4] [18] [I] BRIDGE_REQUEST_RECEIVED request_id=openttd15-qualification-001-clock-14 type=economy_clock protocol=1
[2026-10-08 08:24:57] dbg: [script:4] [18] [I] ECONOMY_CLOCK_READ request_id=openttd15-qualification-001-clock-14 economy_date=712229 economy_year=1950 economy_month=1 economy_day=7 month_start=712223 month_end=712254
[2026-10-08 08:24:57] dbg: [script:4] [18] [I] BRIDGE_RESPONSE_SENT request_id=openttd15-qualification-001-clock-14 type=economy_clock_result status=ok protocol=1
[2026-10-08 08:24:57] dbg: [script:4] [18] [I] BRIDGE_POST_RESPONSE_ALIVE request_id=openttd15-qualification-001-clock-14
[2026-10-08 08:24:58] dbg: [script:4] [18] [I] BRIDGE_REQUEST_RECEIVED request_id=openttd15-qualification-001-clock-15 type=economy_clock protocol=1
[2026-10-08 08:24:58] dbg: [script:4] [18] [I] ECONOMY_CLOCK_READ request_id=openttd15-qualification-001-clock-15 economy_date=712230 economy_year=1950 economy_month=1 economy_day=8 month_start=712223 month_end=712254
[2026-10-08 08:24:58] dbg: [script:4] [18] [I] BRIDGE_RESPONSE_SENT request_id=openttd15-qualification-001-clock-15 type=economy_clock_result status=ok protocol=1
[2026-10-08 08:24:58] dbg: [script:4] [18] [I] BRIDGE_POST_RESPONSE_ALIVE request_id=openttd15-qualification-001-clock-15
[2026-10-08 08:24:59] dbg: [script:4] [18] [I] BRIDGE_REQUEST_RECEIVED request_id=openttd15-qualification-001-clock-16 type=economy_clock protocol=1
[2026-10-08 08:24:59] dbg: [script:4] [18] [I] ECONOMY_CLOCK_READ request_id=openttd15-qualification-001-clock-16 economy_date=712231 economy_year=1950 economy_month=1 economy_day=9 month_start=712223 month_end=712254
[2026-10-08 08:24:59] dbg: [script:4] [18] [I] BRIDGE_RESPONSE_SENT request_id=openttd15-qualification-001-clock-16 type=economy_clock_result status=ok protocol=1
[2026-10-08 08:24:59] dbg: [script:4] [18] [I] BRIDGE_POST_RESPONSE_ALIVE request_id=openttd15-qualification-001-clock-16
[2026-10-08 08:25:00] dbg: [script:4] [18] [I] BRIDGE_REQUEST_RECEIVED request_id=openttd15-qualification-001-clock-17 type=economy_clock protocol=1
[2026-10-08 08:25:00] dbg: [script:4] [18] [I] ECONOMY_CLOCK_READ request_id=openttd15-qualification-001-clock-17 economy_date=712231 economy_year=1950 economy_month=1 economy_day=9 month_start=712223 month_end=712254
[2026-10-08 08:25:00] dbg: [script:4] [18] [I] BRIDGE_RESPONSE_SENT request_id=openttd15-qualification-001-clock-17 type=economy_clock_result status=ok protocol=1
[2026-10-08 08:25:01] dbg: [script:4] [18] [I] BRIDGE_POST_RESPONSE_ALIVE request_id=openttd15-qualification-001-clock-17
[2026-10-08 08:25:02] dbg: [script:4] [18] [I] BRIDGE_REQUEST_RECEIVED request_id=openttd15-qualification-001-clock-18 type=economy_clock protocol=1
[2026-10-08 08:25:02] dbg: [script:4] [18] [I] ECONOMY_CLOCK_READ request_id=openttd15-qualification-001-clock-18 economy_date=712232 economy_year=1950 economy_month=1 economy_day=10 month_start=712223 month_end=712254
[2026-10-08 08:25:02] dbg: [script:4] [18] [I] BRIDGE_RESPONSE_SENT request_id=openttd15-qualification-001-clock-18 type=economy_clock_result status=ok protocol=1
[2026-10-08 08:25:02] dbg: [script:4] [18] [I] BRIDGE_POST_RESPONSE_ALIVE request_id=openttd15-qualification-001-clock-18
[2026-10-08 08:25:03] dbg: [script:4] [18] [I] BRIDGE_REQUEST_RECEIVED request_id=openttd15-qualification-001-clock-19 type=economy_clock protocol=1
[2026-10-08 08:25:03] dbg: [script:4] [18] [I] ECONOMY_CLOCK_READ request_id=openttd15-qualification-001-clock-19 economy_date=712232 economy_year=1950 economy_month=1 economy_day=10 month_start=712223 month_end=712254
[2026-10-08 08:25:03] dbg: [script:4] [18] [I] BRIDGE_RESPONSE_SENT request_id=openttd15-qualification-001-clock-19 type=economy_clock_result status=ok protocol=1
[2026-10-08 08:25:03] dbg: [script:4] [18] [I] BRIDGE_POST_RESPONSE_ALIVE request_id=openttd15-qualification-001-clock-19
[2026-10-08 08:25:04] dbg: [script:4] [18] [I] BRIDGE_REQUEST_RECEIVED request_id=openttd15-qualification-001-clock-20 type=economy_clock protocol=1
[2026-10-08 08:25:04] dbg: [script:4] [18] [I] ECONOMY_CLOCK_READ request_id=openttd15-qualification-001-clock-20 economy_date=712233 economy_year=1950 economy_month=1 economy_day=11 month_start=712223 month_end=712254
[2026-10-08 08:25:04] dbg: [script:4] [18] [I] BRIDGE_RESPONSE_SENT request_id=openttd15-qualification-001-clock-20 type=economy_clock_result status=ok protocol=1
[2026-10-08 08:25:04] dbg: [script:4] [18] [I] BRIDGE_POST_RESPONSE_ALIVE request_id=openttd15-qualification-001-clock-20
[2026-10-08 08:25:05] dbg: [script:4] [18] [I] BRIDGE_REQUEST_RECEIVED request_id=openttd15-qualification-001-clock-21 type=economy_clock protocol=1
[2026-10-08 08:25:05] dbg: [script:4] [18] [I] ECONOMY_CLOCK_READ request_id=openttd15-qualification-001-clock-21 economy_date=712233 economy_year=1950 economy_month=1 economy_day=11 month_start=712223 month_end=712254
[2026-10-08 08:25:05] dbg: [script:4] [18] [I] BRIDGE_RESPONSE_SENT request_id=openttd15-qualification-001-clock-21 type=economy_clock_result status=ok protocol=1
[2026-10-08 08:25:05] dbg: [script:4] [18] [I] BRIDGE_POST_RESPONSE_ALIVE request_id=openttd15-qualification-001-clock-21
[2026-10-08 08:25:06] dbg: [script:4] [18] [I] BRIDGE_REQUEST_RECEIVED request_id=openttd15-qualification-001-clock-22 type=economy_clock protocol=1
[2026-10-08 08:25:06] dbg: [script:4] [18] [I] ECONOMY_CLOCK_READ request_id=openttd15-qualification-001-clock-22 economy_date=712234 economy_year=1950 economy_month=1 economy_day=12 month_start=712223 month_end=712254
[2026-10-08 08:25:06] dbg: [script:4] [18] [I] BRIDGE_RESPONSE_SENT request_id=openttd15-qualification-001-clock-22 type=economy_clock_result status=ok protocol=1
[2026-10-08 08:25:06] dbg: [script:4] [18] [I] BRIDGE_POST_RESPONSE_ALIVE request_id=openttd15-qualification-001-clock-22
[2026-10-08 08:25:07] dbg: [script:4] [18] [I] BRIDGE_REQUEST_RECEIVED request_id=openttd15-qualification-001-clock-23 type=economy_clock protocol=1
[2026-10-08 08:25:07] dbg: [script:4] [18] [I] ECONOMY_CLOCK_READ request_id=openttd15-qualification-001-clock-23 economy_date=712234 economy_year=1950 economy_month=1 economy_day=12 month_start=712223 month_end=712254
[2026-10-08 08:25:07] dbg: [script:4] [18] [I] BRIDGE_RESPONSE_SENT request_id=openttd15-qualification-001-clock-23 type=economy_clock_result status=ok protocol=1
[2026-10-08 08:25:07] dbg: [script:4] [18] [I] BRIDGE_POST_RESPONSE_ALIVE request_id=openttd15-qualification-001-clock-23
[2026-10-08 08:25:08] dbg: [script:4] [18] [I] BRIDGE_REQUEST_RECEIVED request_id=openttd15-qualification-001-clock-24 type=economy_clock protocol=1
[2026-10-08 08:25:08] dbg: [script:4] [18] [I] ECONOMY_CLOCK_READ request_id=openttd15-qualification-001-clock-24 economy_date=712235 economy_year=1950 economy_month=1 economy_day=13 month_start=712223 month_end=712254
[2026-10-08 08:25:08] dbg: [script:4] [18] [I] BRIDGE_RESPONSE_SENT request_id=openttd15-qualification-001-clock-24 type=economy_clock_result status=ok protocol=1
[2026-10-08 08:25:08] dbg: [script:4] [18] [I] BRIDGE_POST_RESPONSE_ALIVE request_id=openttd15-qualification-001-clock-24
[2026-10-08 08:25:09] dbg: [script:4] [18] [I] BRIDGE_REQUEST_RECEIVED request_id=openttd15-qualification-001-clock-25 type=economy_clock protocol=1
[2026-10-08 08:25:09] dbg: [script:4] [18] [I] ECONOMY_CLOCK_READ request_id=openttd15-qualification-001-clock-25 economy_date=712235 economy_year=1950 economy_month=1 economy_day=13 month_start=712223 month_end=712254
[2026-10-08 08:25:09] dbg: [script:4] [18] [I] BRIDGE_RESPONSE_SENT request_id=openttd15-qualification-001-clock-25 type=economy_clock_result status=ok protocol=1
[2026-10-08 08:25:09] dbg: [script:4] [18] [I] BRIDGE_POST_RESPONSE_ALIVE request_id=openttd15-qualification-001-clock-25
[2026-10-08 08:25:10] dbg: [script:4] [18] [I] BRIDGE_REQUEST_RECEIVED request_id=openttd15-qualification-001-clock-26 type=economy_clock protocol=1
[2026-10-08 08:25:10] dbg: [script:4] [18] [I] ECONOMY_CLOCK_READ request_id=openttd15-qualification-001-clock-26 economy_date=712236 economy_year=1950 economy_month=1 economy_day=14 month_start=712223 month_end=712254
[2026-10-08 08:25:10] dbg: [script:4] [18] [I] BRIDGE_RESPONSE_SENT request_id=openttd15-qualification-001-clock-26 type=economy_clock_result status=ok protocol=1
[2026-10-08 08:25:10] dbg: [script:4] [18] [I] BRIDGE_POST_RESPONSE_ALIVE request_id=openttd15-qualification-001-clock-26
[2026-10-08 08:25:11] dbg: [script:4] [18] [I] BRIDGE_REQUEST_RECEIVED request_id=openttd15-qualification-001-clock-27 type=economy_clock protocol=1
[2026-10-08 08:25:11] dbg: [script:4] [18] [I] ECONOMY_CLOCK_READ request_id=openttd15-qualification-001-clock-27 economy_date=712236 economy_year=1950 economy_month=1 economy_day=14 month_start=712223 month_end=712254
[2026-10-08 08:25:11] dbg: [script:4] [18] [I] BRIDGE_RESPONSE_SENT request_id=openttd15-qualification-001-clock-27 type=economy_clock_result status=ok protocol=1
[2026-10-08 08:25:11] dbg: [script:4] [18] [I] BRIDGE_POST_RESPONSE_ALIVE request_id=openttd15-qualification-001-clock-27
[2026-10-08 08:25:12] dbg: [script:4] [18] [I] BRIDGE_REQUEST_RECEIVED request_id=openttd15-qualification-001-clock-28 type=economy_clock protocol=1
[2026-10-08 08:25:12] dbg: [script:4] [18] [I] ECONOMY_CLOCK_READ request_id=openttd15-qualification-001-clock-28 economy_date=712237 economy_year=1950 economy_month=1 economy_day=15 month_start=712223 month_end=712254
[2026-10-08 08:25:12] dbg: [script:4] [18] [I] BRIDGE_RESPONSE_SENT request_id=openttd15-qualification-001-clock-28 type=economy_clock_result status=ok protocol=1
[2026-10-08 08:25:12] dbg: [script:4] [18] [I] BRIDGE_POST_RESPONSE_ALIVE request_id=openttd15-qualification-001-clock-28
[2026-10-08 08:25:13] dbg: [script:4] [18] [I] BRIDGE_REQUEST_RECEIVED request_id=openttd15-qualification-001-clock-29 type=economy_clock protocol=1
[2026-10-08 08:25:13] dbg: [script:4] [18] [I] ECONOMY_CLOCK_READ request_id=openttd15-qualification-001-clock-29 economy_date=712237 economy_year=1950 economy_month=1 economy_day=15 month_start=712223 month_end=712254
[2026-10-08 08:25:13] dbg: [script:4] [18] [I] BRIDGE_RESPONSE_SENT request_id=openttd15-qualification-001-clock-29 type=economy_clock_result status=ok protocol=1
[2026-10-08 08:25:13] dbg: [script:4] [18] [I] BRIDGE_POST_RESPONSE_ALIVE request_id=openttd15-qualification-001-clock-29
[2026-10-08 08:25:14] dbg: [script:4] [18] [I] BRIDGE_REQUEST_RECEIVED request_id=openttd15-qualification-001-clock-30 type=economy_clock protocol=1
[2026-10-08 08:25:14] dbg: [script:4] [18] [I] ECONOMY_CLOCK_READ request_id=openttd15-qualification-001-clock-30 economy_date=712238 economy_year=1950 economy_month=1 economy_day=16 month_start=712223 month_end=712254
[2026-10-08 08:25:14] dbg: [script:4] [18] [I] BRIDGE_RESPONSE_SENT request_id=openttd15-qualification-001-clock-30 type=economy_clock_result status=ok protocol=1
[2026-10-08 08:25:14] dbg: [script:4] [18] [I] BRIDGE_POST_RESPONSE_ALIVE request_id=openttd15-qualification-001-clock-30
[2026-10-08 08:25:15] dbg: [script:4] [18] [I] BRIDGE_REQUEST_RECEIVED request_id=openttd15-qualification-001-clock-31 type=economy_clock protocol=1
[2026-10-08 08:25:15] dbg: [script:4] [18] [I] ECONOMY_CLOCK_READ request_id=openttd15-qualification-001-clock-31 economy_date=712238 economy_year=1950 economy_month=1 economy_day=16 month_start=712223 month_end=712254
[2026-10-08 08:25:15] dbg: [script:4] [18] [I] BRIDGE_RESPONSE_SENT request_id=openttd15-qualification-001-clock-31 type=economy_clock_result status=ok protocol=1
[2026-10-08 08:25:15] dbg: [script:4] [18] [I] BRIDGE_POST_RESPONSE_ALIVE request_id=openttd15-qualification-001-clock-31
[2026-10-08 08:25:16] dbg: [script:4] [18] [I] BRIDGE_REQUEST_RECEIVED request_id=openttd15-qualification-001-clock-32 type=economy_clock protocol=1
[2026-10-08 08:25:16] dbg: [script:4] [18] [I] ECONOMY_CLOCK_READ request_id=openttd15-qualification-001-clock-32 economy_date=712239 economy_year=1950 economy_month=1 economy_day=17 month_start=712223 month_end=712254
[2026-10-08 08:25:16] dbg: [script:4] [18] [I] BRIDGE_RESPONSE_SENT request_id=openttd15-qualification-001-clock-32 type=economy_clock_result status=ok protocol=1
[2026-10-08 08:25:16] dbg: [script:4] [18] [I] BRIDGE_POST_RESPONSE_ALIVE request_id=openttd15-qualification-001-clock-32
[2026-10-08 08:25:17] dbg: [script:4] [18] [I] BRIDGE_REQUEST_RECEIVED request_id=openttd15-qualification-001-clock-33 type=economy_clock protocol=1
[2026-10-08 08:25:17] dbg: [script:4] [18] [I] ECONOMY_CLOCK_READ request_id=openttd15-qualification-001-clock-33 economy_date=712239 economy_year=1950 economy_month=1 economy_day=17 month_start=712223 month_end=712254
[2026-10-08 08:25:17] dbg: [script:4] [18] [I] BRIDGE_RESPONSE_SENT request_id=openttd15-qualification-001-clock-33 type=economy_clock_result status=ok protocol=1
[2026-10-08 08:25:17] dbg: [script:4] [18] [I] BRIDGE_POST_RESPONSE_ALIVE request_id=openttd15-qualification-001-clock-33
[2026-10-08 08:25:18] dbg: [script:4] [18] [I] BRIDGE_REQUEST_RECEIVED request_id=openttd15-qualification-001-clock-34 type=economy_clock protocol=1
[2026-10-08 08:25:18] dbg: [script:4] [18] [I] ECONOMY_CLOCK_READ request_id=openttd15-qualification-001-clock-34 economy_date=712240 economy_year=1950 economy_month=1 economy_day=18 month_start=712223 month_end=712254
[2026-10-08 08:25:18] dbg: [script:4] [18] [I] BRIDGE_RESPONSE_SENT request_id=openttd15-qualification-001-clock-34 type=economy_clock_result status=ok protocol=1
[2026-10-08 08:25:18] dbg: [script:4] [18] [I] BRIDGE_POST_RESPONSE_ALIVE request_id=openttd15-qualification-001-clock-34
[2026-10-08 08:25:19] dbg: [script:4] [18] [I] BRIDGE_REQUEST_RECEIVED request_id=openttd15-qualification-001-clock-35 type=economy_clock protocol=1
[2026-10-08 08:25:19] dbg: [script:4] [18] [I] ECONOMY_CLOCK_READ request_id=openttd15-qualification-001-clock-35 economy_date=712241 economy_year=1950 economy_month=1 economy_day=19 month_start=712223 month_end=712254
[2026-10-08 08:25:19] dbg: [script:4] [18] [I] BRIDGE_RESPONSE_SENT request_id=openttd15-qualification-001-clock-35 type=economy_clock_result status=ok protocol=1
[2026-10-08 08:25:19] dbg: [script:4] [18] [I] BRIDGE_POST_RESPONSE_ALIVE request_id=openttd15-qualification-001-clock-35
[2026-10-08 08:25:21] dbg: [script:4] [18] [I] BRIDGE_REQUEST_RECEIVED request_id=openttd15-qualification-001-clock-36 type=economy_clock protocol=1
[2026-10-08 08:25:21] dbg: [script:4] [18] [I] ECONOMY_CLOCK_READ request_id=openttd15-qualification-001-clock-36 economy_date=712241 economy_year=1950 economy_month=1 economy_day=19 month_start=712223 month_end=712254
[2026-10-08 08:25:21] dbg: [script:4] [18] [I] BRIDGE_RESPONSE_SENT request_id=openttd15-qualification-001-clock-36 type=economy_clock_result status=ok protocol=1
[2026-10-08 08:25:21] dbg: [script:4] [18] [I] BRIDGE_POST_RESPONSE_ALIVE request_id=openttd15-qualification-001-clock-36
[2026-10-08 08:25:22] dbg: [script:4] [18] [I] BRIDGE_REQUEST_RECEIVED request_id=openttd15-qualification-001-clock-37 type=economy_clock protocol=1
[2026-10-08 08:25:22] dbg: [script:4] [18] [I] ECONOMY_CLOCK_READ request_id=openttd15-qualification-001-clock-37 economy_date=712242 economy_year=1950 economy_month=1 economy_day=20 month_start=712223 month_end=712254
[2026-10-08 08:25:22] dbg: [script:4] [18] [I] BRIDGE_RESPONSE_SENT request_id=openttd15-qualification-001-clock-37 type=economy_clock_result status=ok protocol=1
[2026-10-08 08:25:22] dbg: [script:4] [18] [I] BRIDGE_POST_RESPONSE_ALIVE request_id=openttd15-qualification-001-clock-37
[2026-10-08 08:25:23] dbg: [script:4] [18] [I] BRIDGE_REQUEST_RECEIVED request_id=openttd15-qualification-001-clock-38 type=economy_clock protocol=1
[2026-10-08 08:25:23] dbg: [script:4] [18] [I] ECONOMY_CLOCK_READ request_id=openttd15-qualification-001-clock-38 economy_date=712242 economy_year=1950 economy_month=1 economy_day=20 month_start=712223 month_end=712254
[2026-10-08 08:25:23] dbg: [script:4] [18] [I] BRIDGE_RESPONSE_SENT request_id=openttd15-qualification-001-clock-38 type=economy_clock_result status=ok protocol=1
[2026-10-08 08:25:23] dbg: [script:4] [18] [I] BRIDGE_POST_RESPONSE_ALIVE request_id=openttd15-qualification-001-clock-38
[2026-10-08 08:25:24] dbg: [script:4] [18] [I] BRIDGE_REQUEST_RECEIVED request_id=openttd15-qualification-001-clock-39 type=economy_clock protocol=1
[2026-10-08 08:25:24] dbg: [script:4] [18] [I] ECONOMY_CLOCK_READ request_id=openttd15-qualification-001-clock-39 economy_date=712243 economy_year=1950 economy_month=1 economy_day=21 month_start=712223 month_end=712254
[2026-10-08 08:25:24] dbg: [script:4] [18] [I] BRIDGE_RESPONSE_SENT request_id=openttd15-qualification-001-clock-39 type=economy_clock_result status=ok protocol=1
[2026-10-08 08:25:24] dbg: [script:4] [18] [I] BRIDGE_POST_RESPONSE_ALIVE request_id=openttd15-qualification-001-clock-39
[2026-10-08 08:25:25] dbg: [script:4] [18] [I] BRIDGE_REQUEST_RECEIVED request_id=openttd15-qualification-001-clock-40 type=economy_clock protocol=1
[2026-10-08 08:25:25] dbg: [script:4] [18] [I] ECONOMY_CLOCK_READ request_id=openttd15-qualification-001-clock-40 economy_date=712243 economy_year=1950 economy_month=1 economy_day=21 month_start=712223 month_end=712254
[2026-10-08 08:25:25] dbg: [script:4] [18] [I] BRIDGE_RESPONSE_SENT request_id=openttd15-qualification-001-clock-40 type=economy_clock_result status=ok protocol=1
[2026-10-08 08:25:25] dbg: [script:4] [18] [I] BRIDGE_POST_RESPONSE_ALIVE request_id=openttd15-qualification-001-clock-40
[2026-10-08 08:25:26] dbg: [script:4] [18] [I] BRIDGE_REQUEST_RECEIVED request_id=openttd15-qualification-001-clock-41 type=economy_clock protocol=1
[2026-10-08 08:25:26] dbg: [script:4] [18] [I] ECONOMY_CLOCK_READ request_id=openttd15-qualification-001-clock-41 economy_date=712244 economy_year=1950 economy_month=1 economy_day=22 month_start=712223 month_end=712254
[2026-10-08 08:25:26] dbg: [script:4] [18] [I] BRIDGE_RESPONSE_SENT request_id=openttd15-qualification-001-clock-41 type=economy_clock_result status=ok protocol=1
[2026-10-08 08:25:26] dbg: [script:4] [18] [I] BRIDGE_POST_RESPONSE_ALIVE request_id=openttd15-qualification-001-clock-41
[2026-10-08 08:25:27] dbg: [script:4] [18] [I] BRIDGE_REQUEST_RECEIVED request_id=openttd15-qualification-001-clock-42 type=economy_clock protocol=1
[2026-10-08 08:25:27] dbg: [script:4] [18] [I] ECONOMY_CLOCK_READ request_id=openttd15-qualification-001-clock-42 economy_date=712244 economy_year=1950 economy_month=1 economy_day=22 month_start=712223 month_end=712254
[2026-10-08 08:25:27] dbg: [script:4] [18] [I] BRIDGE_RESPONSE_SENT request_id=openttd15-qualification-001-clock-42 type=economy_clock_result status=ok protocol=1
[2026-10-08 08:25:27] dbg: [script:4] [18] [I] BRIDGE_POST_RESPONSE_ALIVE request_id=openttd15-qualification-001-clock-42
[2026-10-08 08:25:28] dbg: [script:4] [18] [I] BRIDGE_REQUEST_RECEIVED request_id=openttd15-qualification-001-clock-43 type=economy_clock protocol=1
[2026-10-08 08:25:28] dbg: [script:4] [18] [I] ECONOMY_CLOCK_READ request_id=openttd15-qualification-001-clock-43 economy_date=712245 economy_year=1950 economy_month=1 economy_day=23 month_start=712223 month_end=712254
[2026-10-08 08:25:28] dbg: [script:4] [18] [I] BRIDGE_RESPONSE_SENT request_id=openttd15-qualification-001-clock-43 type=economy_clock_result status=ok protocol=1
[2026-10-08 08:25:28] dbg: [script:4] [18] [I] BRIDGE_POST_RESPONSE_ALIVE request_id=openttd15-qualification-001-clock-43
[2026-10-08 08:25:29] dbg: [script:4] [18] [I] BRIDGE_REQUEST_RECEIVED request_id=openttd15-qualification-001-clock-44 type=economy_clock protocol=1
[2026-10-08 08:25:29] dbg: [script:4] [18] [I] ECONOMY_CLOCK_READ request_id=openttd15-qualification-001-clock-44 economy_date=712245 economy_year=1950 economy_month=1 economy_day=23 month_start=712223 month_end=712254
[2026-10-08 08:25:29] dbg: [script:4] [18] [I] BRIDGE_RESPONSE_SENT request_id=openttd15-qualification-001-clock-44 type=economy_clock_result status=ok protocol=1
[2026-10-08 08:25:29] dbg: [script:4] [18] [I] BRIDGE_POST_RESPONSE_ALIVE request_id=openttd15-qualification-001-clock-44
[2026-10-08 08:25:30] dbg: [script:4] [18] [I] BRIDGE_REQUEST_RECEIVED request_id=openttd15-qualification-001-clock-45 type=economy_clock protocol=1
[2026-10-08 08:25:30] dbg: [script:4] [18] [I] ECONOMY_CLOCK_READ request_id=openttd15-qualification-001-clock-45 economy_date=712246 economy_year=1950 economy_month=1 economy_day=24 month_start=712223 month_end=712254
[2026-10-08 08:25:30] dbg: [script:4] [18] [I] BRIDGE_RESPONSE_SENT request_id=openttd15-qualification-001-clock-45 type=economy_clock_result status=ok protocol=1
[2026-10-08 08:25:30] dbg: [script:4] [18] [I] BRIDGE_POST_RESPONSE_ALIVE request_id=openttd15-qualification-001-clock-45
[2026-10-08 08:25:31] dbg: [script:4] [18] [I] BRIDGE_REQUEST_RECEIVED request_id=openttd15-qualification-001-clock-46 type=economy_clock protocol=1
[2026-10-08 08:25:31] dbg: [script:4] [18] [I] ECONOMY_CLOCK_READ request_id=openttd15-qualification-001-clock-46 economy_date=712246 economy_year=1950 economy_month=1 economy_day=24 month_start=712223 month_end=712254
[2026-10-08 08:25:31] dbg: [script:4] [18] [I] BRIDGE_RESPONSE_SENT request_id=openttd15-qualification-001-clock-46 type=economy_clock_result status=ok protocol=1
[2026-10-08 08:25:31] dbg: [script:4] [18] [I] BRIDGE_POST_RESPONSE_ALIVE request_id=openttd15-qualification-001-clock-46
[2026-10-08 08:25:32] dbg: [script:4] [18] [I] BRIDGE_REQUEST_RECEIVED request_id=openttd15-qualification-001-clock-47 type=economy_clock protocol=1
[2026-10-08 08:25:32] dbg: [script:4] [18] [I] ECONOMY_CLOCK_READ request_id=openttd15-qualification-001-clock-47 economy_date=712247 economy_year=1950 economy_month=1 economy_day=25 month_start=712223 month_end=712254
[2026-10-08 08:25:32] dbg: [script:4] [18] [I] BRIDGE_RESPONSE_SENT request_id=openttd15-qualification-001-clock-47 type=economy_clock_result status=ok protocol=1
[2026-10-08 08:25:32] dbg: [script:4] [18] [I] BRIDGE_POST_RESPONSE_ALIVE request_id=openttd15-qualification-001-clock-47
[2026-10-08 08:25:33] dbg: [script:4] [18] [I] BRIDGE_REQUEST_RECEIVED request_id=openttd15-qualification-001-clock-48 type=economy_clock protocol=1
[2026-10-08 08:25:33] dbg: [script:4] [18] [I] ECONOMY_CLOCK_READ request_id=openttd15-qualification-001-clock-48 economy_date=712247 economy_year=1950 economy_month=1 economy_day=25 month_start=712223 month_end=712254
[2026-10-08 08:25:33] dbg: [script:4] [18] [I] BRIDGE_RESPONSE_SENT request_id=openttd15-qualification-001-clock-48 type=economy_clock_result status=ok protocol=1
[2026-10-08 08:25:33] dbg: [script:4] [18] [I] BRIDGE_POST_RESPONSE_ALIVE request_id=openttd15-qualification-001-clock-48
[2026-10-08 08:25:34] dbg: [script:4] [18] [I] BRIDGE_REQUEST_RECEIVED request_id=openttd15-qualification-001-clock-49 type=economy_clock protocol=1
[2026-10-08 08:25:34] dbg: [script:4] [18] [I] ECONOMY_CLOCK_READ request_id=openttd15-qualification-001-clock-49 economy_date=712248 economy_year=1950 economy_month=1 economy_day=26 month_start=712223 month_end=712254
[2026-10-08 08:25:34] dbg: [script:4] [18] [I] BRIDGE_RESPONSE_SENT request_id=openttd15-qualification-001-clock-49 type=economy_clock_result status=ok protocol=1
[2026-10-08 08:25:34] dbg: [script:4] [18] [I] BRIDGE_POST_RESPONSE_ALIVE request_id=openttd15-qualification-001-clock-49
[2026-10-08 08:25:35] dbg: [script:4] [18] [I] BRIDGE_REQUEST_RECEIVED request_id=openttd15-qualification-001-clock-50 type=economy_clock protocol=1
[2026-10-08 08:25:35] dbg: [script:4] [18] [I] ECONOMY_CLOCK_READ request_id=openttd15-qualification-001-clock-50 economy_date=712248 economy_year=1950 economy_month=1 economy_day=26 month_start=712223 month_end=712254
[2026-10-08 08:25:35] dbg: [script:4] [18] [I] BRIDGE_RESPONSE_SENT request_id=openttd15-qualification-001-clock-50 type=economy_clock_result status=ok protocol=1
[2026-10-08 08:25:35] dbg: [script:4] [18] [I] BRIDGE_POST_RESPONSE_ALIVE request_id=openttd15-qualification-001-clock-50
[2026-10-08 08:25:36] dbg: [script:4] [18] [I] BRIDGE_REQUEST_RECEIVED request_id=openttd15-qualification-001-clock-51 type=economy_clock protocol=1
[2026-10-08 08:25:36] dbg: [script:4] [18] [I] ECONOMY_CLOCK_READ request_id=openttd15-qualification-001-clock-51 economy_date=712249 economy_year=1950 economy_month=1 economy_day=27 month_start=712223 month_end=712254
[2026-10-08 08:25:36] dbg: [script:4] [18] [I] BRIDGE_RESPONSE_SENT request_id=openttd15-qualification-001-clock-51 type=economy_clock_result status=ok protocol=1
[2026-10-08 08:25:36] dbg: [script:4] [18] [I] BRIDGE_POST_RESPONSE_ALIVE request_id=openttd15-qualification-001-clock-51
[2026-10-08 08:25:37] dbg: [script:4] [18] [I] BRIDGE_REQUEST_RECEIVED request_id=openttd15-qualification-001-clock-52 type=economy_clock protocol=1
[2026-10-08 08:25:37] dbg: [script:4] [18] [I] ECONOMY_CLOCK_READ request_id=openttd15-qualification-001-clock-52 economy_date=712249 economy_year=1950 economy_month=1 economy_day=27 month_start=712223 month_end=712254
[2026-10-08 08:25:37] dbg: [script:4] [18] [I] BRIDGE_RESPONSE_SENT request_id=openttd15-qualification-001-clock-52 type=economy_clock_result status=ok protocol=1
[2026-10-08 08:25:37] dbg: [script:4] [18] [I] BRIDGE_POST_RESPONSE_ALIVE request_id=openttd15-qualification-001-clock-52
[2026-10-08 08:25:38] dbg: [script:4] [18] [I] BRIDGE_REQUEST_RECEIVED request_id=openttd15-qualification-001-clock-53 type=economy_clock protocol=1
[2026-10-08 08:25:38] dbg: [script:4] [18] [I] ECONOMY_CLOCK_READ request_id=openttd15-qualification-001-clock-53 economy_date=712250 economy_year=1950 economy_month=1 economy_day=28 month_start=712223 month_end=712254
[2026-10-08 08:25:38] dbg: [script:4] [18] [I] BRIDGE_RESPONSE_SENT request_id=openttd15-qualification-001-clock-53 type=economy_clock_result status=ok protocol=1
[2026-10-08 08:25:38] dbg: [script:4] [18] [I] BRIDGE_POST_RESPONSE_ALIVE request_id=openttd15-qualification-001-clock-53
[2026-10-08 08:25:39] dbg: [script:4] [18] [I] BRIDGE_REQUEST_RECEIVED request_id=openttd15-qualification-001-clock-54 type=economy_clock protocol=1
[2026-10-08 08:25:39] dbg: [script:4] [18] [I] ECONOMY_CLOCK_READ request_id=openttd15-qualification-001-clock-54 economy_date=712251 economy_year=1950 economy_month=1 economy_day=29 month_start=712223 month_end=712254
[2026-10-08 08:25:39] dbg: [script:4] [18] [I] BRIDGE_RESPONSE_SENT request_id=openttd15-qualification-001-clock-54 type=economy_clock_result status=ok protocol=1
[2026-10-08 08:25:39] dbg: [script:4] [18] [I] BRIDGE_POST_RESPONSE_ALIVE request_id=openttd15-qualification-001-clock-54
[2026-10-08 08:25:41] dbg: [script:4] [18] [I] BRIDGE_REQUEST_RECEIVED request_id=openttd15-qualification-001-clock-55 type=economy_clock protocol=1
[2026-10-08 08:25:41] dbg: [script:4] [18] [I] ECONOMY_CLOCK_READ request_id=openttd15-qualification-001-clock-55 economy_date=712251 economy_year=1950 economy_month=1 economy_day=29 month_start=712223 month_end=712254
[2026-10-08 08:25:41] dbg: [script:4] [18] [I] BRIDGE_RESPONSE_SENT request_id=openttd15-qualification-001-clock-55 type=economy_clock_result status=ok protocol=1
[2026-10-08 08:25:41] dbg: [script:4] [18] [I] BRIDGE_POST_RESPONSE_ALIVE request_id=openttd15-qualification-001-clock-55
[2026-10-08 08:25:42] dbg: [script:4] [18] [I] BRIDGE_REQUEST_RECEIVED request_id=openttd15-qualification-001-clock-56 type=economy_clock protocol=1
[2026-10-08 08:25:42] dbg: [script:4] [18] [I] ECONOMY_CLOCK_READ request_id=openttd15-qualification-001-clock-56 economy_date=712252 economy_year=1950 economy_month=1 economy_day=30 month_start=712223 month_end=712254
[2026-10-08 08:25:42] dbg: [script:4] [18] [I] BRIDGE_RESPONSE_SENT request_id=openttd15-qualification-001-clock-56 type=economy_clock_result status=ok protocol=1
[2026-10-08 08:25:42] dbg: [script:4] [18] [I] BRIDGE_POST_RESPONSE_ALIVE request_id=openttd15-qualification-001-clock-56
[2026-10-08 08:25:43] dbg: [script:4] [18] [I] BRIDGE_REQUEST_RECEIVED request_id=openttd15-qualification-001-clock-57 type=economy_clock protocol=1
[2026-10-08 08:25:43] dbg: [script:4] [18] [I] ECONOMY_CLOCK_READ request_id=openttd15-qualification-001-clock-57 economy_date=712252 economy_year=1950 economy_month=1 economy_day=30 month_start=712223 month_end=712254
[2026-10-08 08:25:43] dbg: [script:4] [18] [I] BRIDGE_RESPONSE_SENT request_id=openttd15-qualification-001-clock-57 type=economy_clock_result status=ok protocol=1
[2026-10-08 08:25:43] dbg: [script:4] [18] [I] BRIDGE_POST_RESPONSE_ALIVE request_id=openttd15-qualification-001-clock-57
[2026-10-08 08:25:44] dbg: [script:4] [18] [I] BRIDGE_REQUEST_RECEIVED request_id=openttd15-qualification-001-clock-58 type=economy_clock protocol=1
[2026-10-08 08:25:44] dbg: [script:4] [18] [I] ECONOMY_CLOCK_READ request_id=openttd15-qualification-001-clock-58 economy_date=712253 economy_year=1950 economy_month=1 economy_day=31 month_start=712223 month_end=712254
[2026-10-08 08:25:44] dbg: [script:4] [18] [I] BRIDGE_RESPONSE_SENT request_id=openttd15-qualification-001-clock-58 type=economy_clock_result status=ok protocol=1
[2026-10-08 08:25:44] dbg: [script:4] [18] [I] BRIDGE_POST_RESPONSE_ALIVE request_id=openttd15-qualification-001-clock-58
[2026-10-08 08:25:45] dbg: [script:4] [18] [I] BRIDGE_REQUEST_RECEIVED request_id=openttd15-qualification-001-clock-59 type=economy_clock protocol=1
[2026-10-08 08:25:45] dbg: [script:4] [18] [I] ECONOMY_CLOCK_READ request_id=openttd15-qualification-001-clock-59 economy_date=712253 economy_year=1950 economy_month=1 economy_day=31 month_start=712223 month_end=712254
[2026-10-08 08:25:45] dbg: [script:4] [18] [I] BRIDGE_RESPONSE_SENT request_id=openttd15-qualification-001-clock-59 type=economy_clock_result status=ok protocol=1
[2026-10-08 08:25:45] dbg: [script:4] [18] [I] BRIDGE_POST_RESPONSE_ALIVE request_id=openttd15-qualification-001-clock-59
[2026-10-08 08:25:46] dbg: [script:4] [18] [I] BRIDGE_REQUEST_RECEIVED request_id=openttd15-qualification-001-clock-60 type=economy_clock protocol=1
[2026-10-08 08:25:46] dbg: [script:4] [18] [I] ECONOMY_CLOCK_READ request_id=openttd15-qualification-001-clock-60 economy_date=712254 economy_year=1950 economy_month=2 economy_day=1 month_start=712254 month_end=712282
[2026-10-08 08:25:46] dbg: [script:4] [18] [I] BRIDGE_RESPONSE_SENT request_id=openttd15-qualification-001-clock-60 type=economy_clock_result status=ok protocol=1
[2026-10-08 08:25:46] dbg: [script:4] [18] [I] BRIDGE_POST_RESPONSE_ALIVE request_id=openttd15-qualification-001-clock-60
[2026-10-08 08:25:46] dbg: [script:4] [18] [I] BRIDGE_REQUEST_RECEIVED request_id=openttd15-qualification-001-clock-61 type=economy_clock protocol=1
[2026-10-08 08:25:46] dbg: [script:4] [18] [I] ECONOMY_CLOCK_READ request_id=openttd15-qualification-001-clock-61 economy_date=712254 economy_year=1950 economy_month=2 economy_day=1 month_start=712254 month_end=712282
[2026-10-08 08:25:46] dbg: [script:4] [18] [I] BRIDGE_RESPONSE_SENT request_id=openttd15-qualification-001-clock-61 type=economy_clock_result status=ok protocol=1
[2026-10-08 08:25:46] dbg: [script:4] [18] [I] BRIDGE_POST_RESPONSE_ALIVE request_id=openttd15-qualification-001-clock-61
[2026-10-08 08:25:51] dbg: [net:3] [admin] 'ACK-proof' (1) has disconnected
[2026-10-08 08:25:51] dbg: [net:3] Initializing UDP listeners
[2026-10-08 08:25:51] dbg: [net:3] Shutting down network
