[2026-10-07 20:09:23] dbg: [net:3] Starting dedicated server, version 15.3
[2026-10-07 20:09:23] dbg: [grf:1] Adding OpenGFX ([9499]) as base graphics set
[2026-10-07 20:09:23] dbg: [grf:1] Adding original_dos_de ([0]) as base graphics set
[2026-10-07 20:09:23] dbg: [grf:1] Adding original_windows ([0]) as base graphics set
[2026-10-07 20:09:23] dbg: [net:3] Starting network
[2026-10-07 20:09:23] dbg: [net:3] Initializing UDP listeners
[2026-10-07 20:09:23] dbg: [net:3] Network online, multiplayer available
[2026-10-07 20:09:23] dbg: [net:3] Detected broadcast addresses:
[2026-10-07 20:09:23] dbg: [net:3]   0) 10.150.5.255
[2026-10-07 20:09:23] dbg: [net:3]   1) 172.16.7.255
[2026-10-07 20:09:23] dbg: [net:3]   2) 172.17.255.255
[2026-10-07 20:09:23] dbg: [net:3]   3) 172.18.255.255
[2026-10-07 20:09:23] dbg: [net:3] Using certificate file: /etc/ssl/certs/ca-certificates.crt
[2026-10-07 20:09:23] dbg: [net:3] Using certificate path: none
[2026-10-07 20:09:23] dbg: [grf:1] Adding original_windows ([0]) as base sounds set
[2026-10-07 20:09:23] dbg: [grf:1] Adding NoSound ([2]) as base sounds set
[2026-10-07 20:09:23] dbg: [grf:1] Using the OpenGFX base graphics set
[2026-10-07 20:09:23] dbg: [grf:1] Adding original_tto ([1]) as base music set
[2026-10-07 20:09:23] dbg: [grf:1] Adding original_dos ([1]) as base music set
[2026-10-07 20:09:23] dbg: [grf:1] Adding original_windows ([1]) as base music set
[2026-10-07 20:09:23] dbg: [grf:1] Adding NoMusic ([0]) as base music set
[2026-10-07 20:09:23] dbg: [grf:1] Using the OpenGFX base graphics set
[2026-10-07 20:09:23] dbg: [grf:1] GRFInfo: Loaded GRFv8 set FFFFFFFE - OpenTTD's default and fallback extra graphics (palette: DOS, version: 0)
[2026-10-07 20:09:23] dbg: [grf:1] GRFInfo: Loaded GRFv8 set FF4F5401 - OpenGFX 8.0 (palette: DOS, version: 9499)
[2026-10-07 20:09:23] dbg: [grf:1] GRFInfo: Loaded GRFv8 set FFFFFFFE - OpenTTD's default and fallback extra graphics (palette: DOS, version: 0)
[2026-10-07 20:09:23] dbg: [grf:1] GRFInfo: Loaded GRFv8 set FF4F5401 - OpenGFX 8.0 (palette: DOS, version: 9499)
[2026-10-07 20:09:23] dbg: [grf:1] GRFInfo: Loaded GRFv8 set FFFFFFFE - OpenTTD's default and fallback extra graphics (palette: DOS, version: 0)
[2026-10-07 20:09:23] dbg: [grf:1] GRFInfo: Loaded GRFv8 set FF4F5401 - OpenGFX 8.0 (palette: DOS, version: 9499)
[2026-10-07 20:09:23] dbg: [grf:1] GRFInfo: Loaded GRFv8 set FFFFFFFE - OpenTTD's default and fallback extra graphics (palette: DOS, version: 0)
[2026-10-07 20:09:23] dbg: [grf:1] GRFInfo: Loaded GRFv8 set FF4F5401 - OpenGFX 8.0 (palette: DOS, version: 9499)
[2026-10-07 20:09:23] dbg: [grf:1] GRFInfo: Loaded GRFv8 set FFFFFFFE - OpenTTD's default and fallback extra graphics (palette: DOS, version: 0)
[2026-10-07 20:09:23] dbg: [grf:1] GRFInfo: Loaded GRFv8 set FF4F5401 - OpenGFX 8.0 (palette: DOS, version: 9499)
[2026-10-07 20:09:23] dbg: [grf:1] GRFInfo: Loaded GRFv8 set FFFFFFFE - OpenTTD's default and fallback extra graphics (palette: DOS, version: 0)
[2026-10-07 20:09:23] dbg: [grf:1] GRFInfo: Loaded GRFv8 set FF4F5401 - OpenGFX 8.0 (palette: DOS, version: 9499)
[2026-10-07 20:09:23] dbg: [grf:1] Scanning for NewGRFs
[2026-10-07 20:09:23] dbg: [grf:1] Scan complete, found 0 files
[2026-10-07 20:09:23] dbg: [net:1] No "client_name" has been set, using "Unnamed Client" instead. Please set this now using the "name <new name>" command
[2026-10-07 20:09:23] dbg: [net:1] No "server_name" has been set, using "Unnamed Server" instead. Please set this now using the "server_name <new name>" command
[2026-10-07 20:09:23] dbg: [net:3] Initializing UDP listeners
[2026-10-07 20:09:23] dbg: [net:3] Initializing UDP listeners
[2026-10-07 20:09:23] dbg: [net:3] Listening on 127.0.0.1:50847 (IPv4)
[2026-10-07 20:09:23] dbg: [net:3] Listening on 127.0.0.1:45933 (IPv4)
[2026-10-07 20:09:23] dbg: [net:3] Listening on 127.0.0.1:50847 (IPv4)
[2026-10-07 20:09:23] dbg: [net:3] Network revision name: 15.3
[2026-10-07 20:09:23] dbg: [net:3] [crypto] Creating a new random key
[2026-10-07 20:09:23] dbg: [grf:1] GRFInfo: Loaded GRFv8 set FFFFFFFE - OpenTTD's default and fallback extra graphics (palette: DOS, version: 0)
[2026-10-07 20:09:23] dbg: [grf:1] GRFInfo: Loaded GRFv8 set FF4F5401 - OpenGFX 8.0 (palette: DOS, version: 9499)
[2026-10-07 20:09:23] dbg: [grf:1] GRFInfo: Loaded GRFv8 set FFFFFFFE - OpenTTD's default and fallback extra graphics (palette: DOS, version: 0)
[2026-10-07 20:09:23] dbg: [grf:1] GRFInfo: Loaded GRFv8 set FF4F5401 - OpenGFX 8.0 (palette: DOS, version: 9499)
[2026-10-07 20:09:23] dbg: [grf:1] GRFInfo: Loaded GRFv8 set FFFFFFFE - OpenTTD's default and fallback extra graphics (palette: DOS, version: 0)
[2026-10-07 20:09:23] dbg: [grf:1] GRFInfo: Loaded GRFv8 set FF4F5401 - OpenGFX 8.0 (palette: DOS, version: 9499)
[2026-10-07 20:09:23] dbg: [net:3] Generating map, please wait...
[2026-10-07 20:09:23] dbg: [net:3] Map generation percentage complete: 5
[2026-10-07 20:09:23] dbg: [net:3] Map generation percentage complete: 11
[2026-10-07 20:09:23] dbg: [net:3] Map generation percentage complete: 15
[2026-10-07 20:09:23] dbg: [net:3] Map generation percentage complete: 20
[2026-10-07 20:09:23] dbg: [net:3] Map generation percentage complete: 30
[2026-10-07 20:09:23] dbg: [net:3] Map generation percentage complete: 40
[2026-10-07 20:09:23] dbg: [net:3] Map generation percentage complete: 46
[2026-10-07 20:09:23] dbg: [net:3] Map generation percentage complete: 50
[2026-10-07 20:09:23] dbg: [net:3] Map generation percentage complete: 60
[2026-10-07 20:09:23] dbg: [net:3] Map generation percentage complete: 65
[2026-10-07 20:09:23] dbg: [net:3] Map generation percentage complete: 70
[2026-10-07 20:09:23] dbg: [net:3] Map generation percentage complete: 75
[2026-10-07 20:09:23] dbg: [net:3] Map generation percentage complete: 80
[2026-10-07 20:09:23] dbg: [net:3] Map generation percentage complete: 85
[2026-10-07 20:09:23] dbg: [net:3] Map generation percentage complete: 90
[2026-10-07 20:09:23] dbg: [net:3] Map generation percentage complete: 95
[2026-10-07 20:09:23] dbg: [script:4] [18] [I] BRIDGE_STARTED protocol=1 api=15
[2026-10-07 20:09:23] dbg: [net:3] Map generated, starting game
[2026-10-07 20:09:23] dbg: [net:3] [admin] Client connected from 127.0.0.1 on frame 0
[2026-10-07 20:09:23] dbg: [net:3] [admin] 'ACK-proof' (1) has connected
[2026-10-07 20:09:23] dbg: [net:3] [admin] 'ACK-proof' (1) authenticated
[2026-10-07 20:09:23] dbg: [script:4] [18] [I] BRIDGE_REQUEST_RECEIVED request_id=openttd15-industry-production-001 type=industry_production protocol=1
[2026-10-07 20:09:23] dbg: [script:4] [18] [I] INDUSTRY_PRODUCTION_READ request_id=openttd15-industry-production-001 industry_id=0 cargo_id=1 economy_date_before=712223 economy_date_after=712223 last_month_produced=168 last_month_transported=0 last_month_transported_pct=0
[2026-10-07 20:09:23] dbg: [script:4] [18] [I] BRIDGE_RESPONSE_SENT request_id=openttd15-industry-production-001 type=industry_production_result status=ok protocol=1
[2026-10-07 20:09:23] dbg: [script:4] [18] [I] BRIDGE_POST_RESPONSE_ALIVE request_id=openttd15-industry-production-001
[2026-10-07 20:09:23] dbg: [net:3] [admin] 'ACK-proof' (1) has disconnected
[2026-10-07 20:09:23] dbg: [net:3] Initializing UDP listeners
[2026-10-07 20:09:23] dbg: [net:3] Shutting down network
