........................................................................ [  3%]
........................................................................ [  7%]
........................................................................ [ 10%]
........................................................................ [ 14%]
........................................................................ [ 18%]
........................................................................ [ 21%]
........................................................................ [ 25%]
........................................................................ [ 28%]
........................................................................ [ 32%]
........................................................................ [ 36%]
........................................................................ [ 39%]
........................................................................ [ 43%]
........................................................................ [ 47%]
........................................................................ [ 50%]
........................................................................ [ 54%]
.........................................................s.............. [ 57%]
........................................................................ [ 61%]
........................................................................ [ 65%]
........................................................................ [ 68%]
..s..................................................................... [ 72%]
........................................................................ [ 76%]
..................................................s..................... [ 79%]
........................................................................ [ 83%]
........................................................................ [ 86%]
........................................................................ [ 90%]
........................................................................ [ 94%]
........................................................................ [ 97%]
............................................                             [100%]
1985 passed, 3 skipped in 307.65s (0:05:07)
ference = 0[ms]
Time difference = 0[ms]
Time difference = 0[ms]
Time difference = 0[ms]
Time difference = 0[ms]
Time difference = 0[ms]
Time difference = 0[ms]
Time difference = 0[ms]
Time difference = 0[ms]
Time difference = 0[ms]
Time difference = 0[ms]
Time difference = 0[ms]
Time difference = 0[ms]
Time difference = 0[ms]
Time difference = 0[ms]
Time difference = 0[ms]
Time difference = 0[ms]
Time difference = 0[ms]
Time difference = 0[ms]
Time difference = 0[ms]
Time difference = 0[ms]
Time difference = 0[ms]
Time difference = 0[ms]
Time difference = 0[ms]
Time difference = 0[ms]
Time difference = 0[ms]
Time difference = 0[ms]
Time difference = 0[ms]
Time difference = 0[ms]
Time difference = 1[ms]
Time difference = 1[ms]
Time difference = 0[ms]
Time difference = 0[ms]
Time difference = 0[ms]
Time difference = 0[ms]
Time difference = 0[ms]
Time difference = 0[ms]
Time difference = 0[ms]
Time difference = 0[ms]
Time difference = 0[ms]
Time difference = 0[ms]
Time difference = 0[ms]
Time difference = 0[ms]
Time difference = 0[ms]
Time difference = 0[ms]
Time difference = 0[ms]
Time difference = 0[ms]
Time difference = 0[ms]
Time difference = 0[ms]
Time difference = 0[ms]
Time difference = 0[ms]
Time difference = 0[ms]
Time difference = 0[ms]
Time difference = 0[ms]
Time difference = 0[ms]
Time difference = 0[ms]
Time difference = 0[ms]
Time difference = 0[ms]
Time difference = 0[ms]
Time difference = 0[ms]
Time difference = 0[ms]
Time difference = 0[ms]
Time difference = 0[ms]
Time difference = 0[ms]
Time difference = 0[ms]
Time difference = 0[ms]
Time difference = 0[ms]
Time difference = 0[ms]
