........................................................................ [  2%]
........................................................................ [  5%]
........................................................................ [  8%]
........................................................................ [ 11%]
........................................................................ [ 14%]
........................................................................ [ 17%]
........................................................................ [ 20%]
........................................................................ [ 23%]
........................................................................ [ 26%]
........................................................................ [ 29%]
........................................................................ [ 32%]
........................................................................ [ 35%]
........................................................................ [ 38%]
........................................................................ [ 41%]
........................................................................ [ 44%]
........................................................................ [ 47%]
........................................................................ [ 50%]
........................................................................ [ 53%]
........................................................................ [ 56%]
..ss...................................s................................ [ 59%]
........................................................................ [ 62%]
...............................sssssssss..s............................. [ 65%]
.................sss.........................................ss.s....... [ 68%]
........................................................................ [ 71%]
........................................................................ [ 74%]
........................................................................ [ 77%]
s.......................................sss............................. [ 80%]
........................................................................ [ 83%]
........................................................................ [ 86%]
........................................................................ [ 89%]
........................................................................ [ 92%]
...................................................................sssss [ 95%]
s.......ssss...sss..ss.................................................. [ 98%]
................................                                         [100%]
2370 passed, 38 skipped in 134.43s (0:02:14)
Time difference = 0[ms]
Time difference = 0[ms]
Time difference = 0[ms]
Time difference = 0[ms]
Time difference = 0[ms]
Time difference = 0[ms]
Time difference = 0[ms]
Time difference = 0[ms]
Time difference = 0[ms]
Time difference = 0[ms]
Time difference = 0[ms]
Time difference = 0[ms]
Time difference = 0[ms]
Time difference = 0[ms]
Time difference = 0[ms]
Time difference = 0[ms]
Time difference = 0[ms]
Time difference = 0[ms]
