........................................................................ [  2%]
........................................................................ [  5%]
........................................................................ [  7%]
........................................................................ [ 10%]
........................................................................ [ 13%]
........................................................................ [ 15%]
........................................................................ [ 18%]
........................................................................ [ 21%]
........................................................................ [ 23%]
........................................................................ [ 26%]
........................................................................ [ 29%]
........................................................................ [ 31%]
........................................................................ [ 34%]
...............................................F........................ [ 37%]
........................................................................ [ 39%]
........................................................................ [ 42%]
........................................................................ [ 45%]
........................................................................ [ 47%]
........................................................................ [ 50%]
..........................ss...................................s........ [ 53%]
........................................................................ [ 55%]
.......................................................sssssssss..s..... [ 58%]
.........................................sss............................ [ 61%]
.............ss.s....................................................... [ 63%]
........................................................................ [ 66%]
........................................................................ [ 69%]
........................s.......................................sss..... [ 71%]
......................................................................F. [ 74%]
........................................................................ [ 77%]
...............s........................................................ [ 79%]
........................................................................ [ 82%]
........................................................................ [ 85%]
........................................................................ [ 87%]
........................................................................ [ 90%]
........................................................................ [ 93%]
......................................ssssss.......ssss...sss..ss....... [ 95%]
........................................................................ [ 98%]
.......................................                                  [100%]
=================================== FAILURES ===================================
_______________ test_controlled_full_production_lifecycle[ids2] ________________

tmp_path = PosixPath('/tmp/pytest-of-fed/pytest-8/test_controlled_full_productio2')
ids = (3, 17, 31)

    @pytest.mark.parametrize("ids", [(), (17,), (3, 17, 31)])
    def test_controlled_full_production_lifecycle(tmp_path, ids):
        import json
    
        from app.simulation.openttd.proof.enrichment_attempt import execute_enrichment_attempt
    
        prepared = make_prepared(tmp_path)
        backend = ControlledEnrichmentBackend(ids)
        result = asyncio.run(execute_enrichment_attempt(prepared, backend))
>       assert result["status"] == "CONTROLLED_SUCCESS", result["error"]
E       AssertionError: Frozen source/input changed; no launch permitted
E       assert 'CONTROLLED_FAILED' == 'CONTROLLED_SUCCESS'
E         
E         - CONTROLLED_SUCCESS
E         + CONTROLLED_FAILED

tests/test_industry_enrichment.py:460: AssertionError
_____________ test_v3_lineage_new_attempt2_not_prelaunch_exception _____________

tmp_path = PosixPath('/tmp/pytest-of-fed/pytest-8/test_v3_lineage_new_attempt2_n0')

    def test_v3_lineage_new_attempt2_not_prelaunch_exception(tmp_path):
        from app.simulation.openttd.proof.production_lineage import capture_lineage
    
        parent = historical_lineage_fixture(tmp_path)
        directory = parent / "openttd-15.3-industry-production-real-prelaunch-v3"
        value = capture_lineage(directory, 3, parent / "openttd-15.3-industry-production-real-attempt2")
        assert value["attempt_number"] == 2
        assert value["post_launch_predecessors"][0]["classification"] == "POST_LAUNCH_FAILURE"
        assert value["supersedes_prelaunch_attempts"] == []
        assert value["prelaunch_continuation_exception_used"] is False
        assert value["fresh_explicit_authorization_required"] is True
>       with pytest.raises(ValueError, match="new attempt destination"):
             ^^^^^^^^^^^^^^^^^^^^^^^^^^^^^^^^^^^^^^^^^^^^^^^^^^^^^^^^^^
E       AssertionError: Regex pattern did not match.
E         Expected regex: 'new attempt destination'
E         Actual message: 'Attempt destination already consumed'

tests/test_proof_cleanup_ownership.py:263: AssertionError
=========================== short test summary info ============================
SKIPPED [1] tests/test_live_isolation.py:175: pass --run-postgres to exercise an isolated PostgreSQL schema
SKIPPED [1] tests/test_live_isolation.py:310: pass --run-postgres to exercise an isolated PostgreSQL schema
SKIPPED [1] tests/test_live_production_smoke.py:41: pass --run-postgres to exercise an isolated PostgreSQL schema
SKIPPED [2] tests/test_live_service.py:822: pass --run-postgres to exercise an isolated PostgreSQL schema
SKIPPED [2] tests/test_live_service.py:934: pass --run-postgres to exercise an isolated PostgreSQL schema
SKIPPED [2] tests/test_live_service.py:1022: pass --run-postgres to exercise an isolated PostgreSQL schema
SKIPPED [1] tests/test_live_service.py:1062: pass --run-postgres to exercise an isolated PostgreSQL schema
SKIPPED [1] tests/test_live_service.py:1121: pass --run-postgres to exercise an isolated PostgreSQL schema
SKIPPED [1] tests/test_live_service.py:1172: pass --run-postgres to exercise an isolated PostgreSQL schema
SKIPPED [1] tests/test_openttd_integration.py:13: pass --run-openttd to run the headless OpenTTD integration test
SKIPPED [2] tests/test_outcome_recovery.py:429: pass --run-postgres to exercise an isolated PostgreSQL schema
SKIPPED [1] tests/test_outcome_recovery.py:477: pass --run-postgres to exercise an isolated PostgreSQL schema
SKIPPED [2] tests/test_plan_evaluation_migration.py:35: pass --run-postgres to exercise an isolated PostgreSQL schema
SKIPPED [1] tests/test_plan_evaluation_migration.py:68: pass --run-postgres to exercise an isolated PostgreSQL schema
SKIPPED [1] tests/test_planning_transport_live.py:913: pass --run-openttd for the single P03 transport proof
SKIPPED [1] tests/test_postgres_integration.py:44: pass --run-postgres to exercise an isolated PostgreSQL schema
SKIPPED [1] tests/test_postgres_integration.py:141: pass --run-postgres to exercise an isolated PostgreSQL schema
SKIPPED [1] tests/test_postgres_integration.py:460: pass --run-postgres to exercise an isolated PostgreSQL schema
SKIPPED [1] tests/test_qualification_dispatch_repair.py:56: Set SQUIRREL_15_3_PROBE to the standalone tagged-source interpreter
SKIPPED [1] tests/test_telemetry_repository.py:69: pass --run-postgres to exercise an isolated PostgreSQL schema
SKIPPED [1] tests/test_telemetry_repository.py:95: pass --run-postgres to exercise an isolated PostgreSQL schema
SKIPPED [1] tests/test_telemetry_repository.py:162: pass --run-postgres to exercise an isolated PostgreSQL schema
SKIPPED [1] tests/test_telemetry_repository.py:197: pass --run-postgres to exercise an isolated PostgreSQL schema
SKIPPED [1] tests/test_telemetry_repository.py:268: pass --run-postgres to exercise an isolated PostgreSQL schema
SKIPPED [1] tests/test_telemetry_repository.py:295: pass --run-postgres to exercise an isolated PostgreSQL schema
SKIPPED [1] tests/test_telemetry_repository.py:348: pass --run-postgres to exercise an isolated PostgreSQL schema
SKIPPED [1] tests/test_telemetry_repository.py:405: pass --run-postgres to exercise an isolated PostgreSQL schema
SKIPPED [1] tests/test_telemetry_repository.py:457: pass --run-postgres to exercise an isolated PostgreSQL schema
SKIPPED [1] tests/test_telemetry_repository.py:497: pass --run-postgres to exercise an isolated PostgreSQL schema
SKIPPED [3] tests/test_telemetry_repository.py:547: pass --run-postgres to exercise an isolated PostgreSQL schema
SKIPPED [1] tests/test_telemetry_repository.py:603: pass --run-postgres to exercise an isolated PostgreSQL schema
SKIPPED [1] tests/test_telemetry_repository.py:650: pass --run-postgres to exercise an isolated PostgreSQL schema
FAILED tests/test_industry_enrichment.py::test_controlled_full_production_lifecycle[ids2]
FAILED tests/test_proof_cleanup_ownership.py::test_v3_lineage_new_attempt2_not_prelaunch_exception
2 failed, 2662 passed, 39 skipped in 255.11s (0:04:15)
Time difference = 0[ms]
Time difference = 0[ms]
Time difference = 0[ms]
Time difference = 0[ms]
Time difference = 0[ms]
Time difference = 0[ms]
Time difference = 0[ms]
Time difference = 0[ms]
Time difference = 0[ms]
Time difference = 0[ms]
Time difference = 0[ms]
Time difference = 0[ms]
Time difference = 0[ms]
Time difference = 0[ms]
Time difference = 0[ms]
Time difference = 0[ms]
Time difference = 0[ms]
Time difference = 0[ms]
Time difference = 0[ms]
Time difference = 0[ms]
Time difference = 0[ms]
Time difference = 0[ms]
Time difference = 0[ms]
Time difference = 0[ms]
Time difference = 0[ms]
Time difference = 0[ms]
Time difference = 0[ms]
Time difference = 0[ms]
Time difference = 0[ms]
Time difference = 0[ms]
Time difference = 0[ms]
Time difference = 0[ms]
Time difference = 0[ms]
Time difference = 0[ms]
Time difference = 0[ms]
Time difference = 0[ms]
Time difference = 0[ms]
Time difference = 0[ms]
Time difference = 0[ms]
Time difference = 0[ms]
Time difference = 0[ms]
Time difference = 0[ms]
Time difference = 0[ms]
Time difference = 1[ms]
