........................................................................ [  2%]
........................................................................ [  5%]
........................................................................ [  7%]
........................................................................ [ 10%]
........................................................................ [ 13%]
........................................................................ [ 15%]
........................................................................ [ 18%]
........................................................................ [ 21%]
........................................................................ [ 23%]
........................................................................ [ 26%]
........................................................................ [ 29%]
........................................................................ [ 31%]
........................................................................ [ 34%]
........................................................................ [ 37%]
........................................................................ [ 39%]
........................................................................ [ 42%]
........................................................................ [ 45%]
........................................................................ [ 47%]
........................................................................ [ 50%]
..........................ss...................................s........ [ 53%]
........................................................................ [ 55%]
.......................................................sssssssss..s..... [ 58%]
.........................................sss............................ [ 61%]
.............ss.s....................................................... [ 63%]
........................................................................ [ 66%]
........................................................................ [ 69%]
........................s.......................................sss..... [ 71%]
........................................................................ [ 74%]
........................................................................ [ 77%]
...............s........................................................ [ 79%]
........................................................................ [ 82%]
........................................................................ [ 85%]
........................................................................ [ 87%]
........................................................................ [ 90%]
........................................................................ [ 93%]
......................................ssssss.......ssss...sss..ss....... [ 95%]
........................................................................ [ 98%]
.......................................                                  [100%]
=========================== short test summary info ============================
SKIPPED [1] tests/test_live_isolation.py:175: pass --run-postgres to exercise an isolated PostgreSQL schema
SKIPPED [1] tests/test_live_isolation.py:310: pass --run-postgres to exercise an isolated PostgreSQL schema
SKIPPED [1] tests/test_live_production_smoke.py:41: pass --run-postgres to exercise an isolated PostgreSQL schema
SKIPPED [2] tests/test_live_service.py:822: pass --run-postgres to exercise an isolated PostgreSQL schema
SKIPPED [2] tests/test_live_service.py:934: pass --run-postgres to exercise an isolated PostgreSQL schema
SKIPPED [2] tests/test_live_service.py:1022: pass --run-postgres to exercise an isolated PostgreSQL schema
SKIPPED [1] tests/test_live_service.py:1062: pass --run-postgres to exercise an isolated PostgreSQL schema
SKIPPED [1] tests/test_live_service.py:1121: pass --run-postgres to exercise an isolated PostgreSQL schema
SKIPPED [1] tests/test_live_service.py:1172: pass --run-postgres to exercise an isolated PostgreSQL schema
SKIPPED [1] tests/test_openttd_integration.py:13: pass --run-openttd to run the headless OpenTTD integration test
SKIPPED [2] tests/test_outcome_recovery.py:429: pass --run-postgres to exercise an isolated PostgreSQL schema
SKIPPED [1] tests/test_outcome_recovery.py:477: pass --run-postgres to exercise an isolated PostgreSQL schema
SKIPPED [2] tests/test_plan_evaluation_migration.py:35: pass --run-postgres to exercise an isolated PostgreSQL schema
SKIPPED [1] tests/test_plan_evaluation_migration.py:68: pass --run-postgres to exercise an isolated PostgreSQL schema
SKIPPED [1] tests/test_planning_transport_live.py:913: pass --run-openttd for the single P03 transport proof
SKIPPED [1] tests/test_postgres_integration.py:44: pass --run-postgres to exercise an isolated PostgreSQL schema
SKIPPED [1] tests/test_postgres_integration.py:141: pass --run-postgres to exercise an isolated PostgreSQL schema
SKIPPED [1] tests/test_postgres_integration.py:460: pass --run-postgres to exercise an isolated PostgreSQL schema
SKIPPED [1] tests/test_qualification_dispatch_repair.py:56: Set SQUIRREL_15_3_PROBE to the standalone tagged-source interpreter
SKIPPED [1] tests/test_telemetry_repository.py:69: pass --run-postgres to exercise an isolated PostgreSQL schema
SKIPPED [1] tests/test_telemetry_repository.py:95: pass --run-postgres to exercise an isolated PostgreSQL schema
SKIPPED [1] tests/test_telemetry_repository.py:162: pass --run-postgres to exercise an isolated PostgreSQL schema
SKIPPED [1] tests/test_telemetry_repository.py:197: pass --run-postgres to exercise an isolated PostgreSQL schema
SKIPPED [1] tests/test_telemetry_repository.py:268: pass --run-postgres to exercise an isolated PostgreSQL schema
SKIPPED [1] tests/test_telemetry_repository.py:295: pass --run-postgres to exercise an isolated PostgreSQL schema
SKIPPED [1] tests/test_telemetry_repository.py:348: pass --run-postgres to exercise an isolated PostgreSQL schema
SKIPPED [1] tests/test_telemetry_repository.py:405: pass --run-postgres to exercise an isolated PostgreSQL schema
SKIPPED [1] tests/test_telemetry_repository.py:457: pass --run-postgres to exercise an isolated PostgreSQL schema
SKIPPED [1] tests/test_telemetry_repository.py:497: pass --run-postgres to exercise an isolated PostgreSQL schema
SKIPPED [3] tests/test_telemetry_repository.py:547: pass --run-postgres to exercise an isolated PostgreSQL schema
SKIPPED [1] tests/test_telemetry_repository.py:603: pass --run-postgres to exercise an isolated PostgreSQL schema
SKIPPED [1] tests/test_telemetry_repository.py:650: pass --run-postgres to exercise an isolated PostgreSQL schema
2664 passed, 39 skipped in 234.48s (0:03:54)
Time difference = 0[ms]
Time difference = 0[ms]
Time difference = 0[ms]
Time difference = 0[ms]
Time difference = 0[ms]
Time difference = 0[ms]
Time difference = 0[ms]
Time difference = 0[ms]
Time difference = 0[ms]
Time difference = 0[ms]
Time difference = 0[ms]
Time difference = 0[ms]
Time difference = 0[ms]
Time difference = 0[ms]
Time difference = 0[ms]
Time difference = 0[ms]
Time difference = 0[ms]
Time difference = 0[ms]
Time difference = 0[ms]
Time difference = 0[ms]
Time difference = 0[ms]
Time difference = 0[ms]
Time difference = 0[ms]
Time difference = 0[ms]
Time difference = 0[ms]
Time difference = 0[ms]
Time difference = 0[ms]
Time difference = 0[ms]
Time difference = 0[ms]
Time difference = 0[ms]
Time difference = 0[ms]
Time difference = 0[ms]
Time difference = 0[ms]
Time difference = 0[ms]
Time difference = 0[ms]
Time difference = 0[ms]
Time difference = 0[ms]
Time difference = 0[ms]
Time difference = 0[ms]
Time difference = 0[ms]
Time difference = 0[ms]
Time difference = 0[ms]
Time difference = 0[ms]
Time difference = 0[ms]
